[INFO] Scanning for projects...
[INFO] 
[INFO] ----------------< com.xiaoai:enterprise-agent-platform >----------------
[INFO] Building enterprise-agent-platform 0.0.1-SNAPSHOT
[INFO]   from pom.xml
[INFO] --------------------------------[ jar ]---------------------------------
[INFO] 
[INFO] >>> spring-boot:3.3.6:run (default-cli) > test-compile @ enterprise-agent-platform >>>
[INFO] 
[INFO] --- resources:3.3.1:resources (default-resources) @ enterprise-agent-platform ---
[INFO] Copying 2 resources from src\main\resources to target\classes
[INFO] Copying 1 resource from src\main\resources to target\classes
[INFO] 
[INFO] --- compiler:3.13.0:compile (default-compile) @ enterprise-agent-platform ---
[INFO] Nothing to compile - all classes are up to date.
[INFO] 
[INFO] --- resources:3.3.1:testResources (default-testResources) @ enterprise-agent-platform ---
[INFO] skip non existing resourceDirectory E:\WorkTree\Agent-xiaoAI\backend\src\test\resources
[INFO] 
[INFO] --- compiler:3.13.0:testCompile (default-testCompile) @ enterprise-agent-platform ---
[INFO] Nothing to compile - all classes are up to date.
[INFO] 
[INFO] <<< spring-boot:3.3.6:run (default-cli) < test-compile @ enterprise-agent-platform <<<
[INFO] 
[INFO] 
[INFO] --- spring-boot:3.3.6:run (default-cli) @ enterprise-agent-platform ---
[INFO] Attaching agents: []

  .   ____          _            __ _ _
 /\\ / ___'_ __ _ _(_)_ __  __ _ \ \ \ \
( ( )\___ | '_ | '_| | '_ \/ _` | \ \ \ \
 \\/  ___)| |_)| | | | | || (_| |  ) ) ) )
  '  |____| .__|_| |_|_| |_\__, | / / / /
 =========|_|==============|___/=/_/_/_/

 :: Spring Boot ::                (v3.3.6)

2026-06-10T16:52:32.585+08:00  INFO 32316 --- [enterprise-agent-platform] [           main] c.xiaoai.agent.AgentPlatformApplication  : Starting AgentPlatformApplication using Java 17.0.12 with PID 32316 (E:\WorkTree\Agent-xiaoAI\backend\target\classes started by jinpeng.bai in E:\WorkTree\Agent-xiaoAI\backend)
2026-06-10T16:52:32.587+08:00  INFO 32316 --- [enterprise-agent-platform] [           main] c.xiaoai.agent.AgentPlatformApplication  : The following 1 profile is active: "mvp"
2026-06-10T16:52:33.716+08:00  INFO 32316 --- [enterprise-agent-platform] [           main] o.s.b.w.embedded.tomcat.TomcatWebServer  : Tomcat initialized with port 8080 (http)
2026-06-10T16:52:33.726+08:00  INFO 32316 --- [enterprise-agent-platform] [           main] o.apache.catalina.core.StandardService   : Starting service [Tomcat]
2026-06-10T16:52:33.726+08:00  INFO 32316 --- [enterprise-agent-platform] [           main] o.apache.catalina.core.StandardEngine    : Starting Servlet engine: [Apache Tomcat/10.1.33]
2026-06-10T16:52:33.772+08:00  INFO 32316 --- [enterprise-agent-platform] [           main] o.a.c.c.C.[Tomcat].[localhost].[/]       : Initializing Spring embedded WebApplicationContext
2026-06-10T16:52:33.772+08:00  INFO 32316 --- [enterprise-agent-platform] [           main] w.s.c.ServletWebServerApplicationContext : Root WebApplicationContext: initialization completed in 1139 ms
 _ _   |_  _ _|_. ___ _ |    _ 
| | |\/|_)(_| | |_\  |_)||_|_\ 
     /               |         
                        3.5.9 
2026-06-10T16:52:34.066+08:00  INFO 32316 --- [enterprise-agent-platform] [           main] com.zaxxer.hikari.HikariDataSource       : HikariPool-1 - Starting...
2026-06-10T16:52:34.266+08:00  INFO 32316 --- [enterprise-agent-platform] [           main] com.zaxxer.hikari.pool.HikariPool        : HikariPool-1 - Added connection conn0: url=jdbc:h2:mem:agent_xiaoai user=SA
2026-06-10T16:52:34.267+08:00  INFO 32316 --- [enterprise-agent-platform] [           main] com.zaxxer.hikari.HikariDataSource       : HikariPool-1 - Start completed.
2026-06-10T16:52:35.594+08:00  INFO 32316 --- [enterprise-agent-platform] [           main] o.s.b.w.embedded.tomcat.TomcatWebServer  : Tomcat started on port 8080 (http) with context path '/'
2026-06-10T16:52:35.604+08:00  INFO 32316 --- [enterprise-agent-platform] [           main] c.xiaoai.agent.AgentPlatformApplication  : Started AgentPlatformApplication in 3.37 seconds (process running for 3.666)
2026-06-10T16:53:24.383+08:00  INFO 32316 --- [enterprise-agent-platform] [nio-8080-exec-1] o.a.c.c.C.[Tomcat].[localhost].[/]       : Initializing Spring DispatcherServlet 'dispatcherServlet'
2026-06-10T16:53:24.383+08:00  INFO 32316 --- [enterprise-agent-platform] [nio-8080-exec-1] o.s.web.servlet.DispatcherServlet        : Initializing Servlet 'dispatcherServlet'
2026-06-10T16:53:24.384+08:00  INFO 32316 --- [enterprise-agent-platform] [nio-8080-exec-1] o.s.web.servlet.DispatcherServlet        : Completed initialization in 1 ms
